<html>
<body>
<pre>
<h1>µVision Build Log</h1>
<h2>Tool Versions:</h2>
IDE-Version: ¦ÌVision V5.14.0.0
Copyright (C) 2015 ARM Ltd and ARM Germany GmbH. All rights reserved.
License Information: dfsad da, dfas, LIC=FQQEV-P3UPP-ZDGK6-DB754-VSY4F-VSYIJ
 
Tool Versions:
Toolchain:       MDK-ARM Professional  Version: 5.14.0.0
Toolchain Path:  G:\keil5\ARM\ARM\ARMCC\Bin
C Compiler:      Armcc.exe V5.05 update 1 (build 106)
Assembler:       Armasm.exe V5.05 update 1 (build 106)
Linker/Locator:  ArmLink.exe V5.05 update 1 (build 106)
Library Manager: ArmAr.exe V5.05 update 1 (build 106)
Hex Converter:   FromElf.exe V5.05 update 1 (build 106)
CPU DLL:         SARMCM3.DLL V5.14.0.0
Dialog DLL:      DCM.DLL V1.13.1.0
Target DLL:      Segger\JL2CM3.dll V2.99.13.0
Dialog DLL:      TCM.DLL V1.14.4.0
 
<h2>Project:</h2>
C:\Users\Chamico\Desktop\Balance Robot\Balance-robot\USER\Minibalance.uvprojx
Project File Date:  10/26/2018

<h2>Output:</h2>
Build target 'Target 1'
compiling Minibalance.c...
compiling delay.c...
compiling sys.c...
compiling usart.c...
compiling LED.C...
compiling key.c...
compiling oled.c...
compiling adc.c...
compiling motor.c...
compiling IOI2C.c...
compiling exti.c...
compiling usartx.c...
compiling control.c...
compiling inv_mpu.c...
compiling inv_mpu_dmp_motion_driver.c...
compiling MPU6050.c...
compiling show.c...
linking...
Program Size: Code=35682 RO-data=7302 RW-data=348 ZI-data=3012  
FromELF: creating hex file...
"..\OBJ\Minibalance.axf" - 0 Error(s), 0 Warning(s).

<h2>Collection of Component include folders:</h2>
  C:\Users\Chamico\Desktop\Balance Robot\Balance-robot\USER\RTE
  G:\keil5\ARM\ARM\PACK\Keil\STM32F1xx_DFP\1.0.5\Device\Include

<h2>Collection of Component Files used:</h2>
</pre>
</body>
</html>
